../Core/Src/IIC_User.c:154:6:IIC_Delay	16	static
../Core/Src/IIC_User.c:161:6:IIC_Start	8	static
../Core/Src/IIC_User.c:170:6:IIC_Stop	8	static
../Core/Src/IIC_User.c:179:6:IIC_Ack	8	static
../Core/Src/IIC_User.c:186:6:IIC_NAck	8	static
../Core/Src/IIC_User.c:194:6:IIC_SendByte	24	static
../Core/Src/IIC_User.c:214:6:IIC_WaitAck	16	static
../Core/Src/IIC_User.c:229:6:OLED_WriteCmd	16	static
../Core/Src/IIC_User.c:242:6:OLED_WriteData	16	static
../Core/Src/IIC_User.c:254:6:OLED_Init	16	static
../Core/Src/IIC_User.c:264:6:Column_set	16	static
../Core/Src/IIC_User.c:269:6:Page_set	16	static
../Core/Src/IIC_User.c:274:6:OLED_WriteChar	24	static
../Core/Src/IIC_User.c:292:6:OLED_clean_OLED	16	static
../Core/Src/IIC_User.c:308:6:OLED_display	16	static
../Core/Src/IIC_User.c:321:6:GDDRAM_Change	24	static
../Core/Src/IIC_User.c:339:6:OLED_ShowString	16	static
