Archive member included to satisfy reference by file (symbol)

d:/stm32cubeide_1.8.0/stm32cubeide/plugins/com.st.stm32cube.ide.mcu.externaltools.gnu-tools-for-stm32.10.3-2021.10.win32_1.0.0.202111181127/tools/bin/../lib/gcc/arm-none-eabi/10.3.1/../../../../arm-none-eabi/lib/thumb/v7-m/nofp\libc_nano.a(lib_a-errno.o)
                              ./Core/Src/syscalls.o (__errno)
d:/stm32cubeide_1.8.0/stm32cubeide/plugins/com.st.stm32cube.ide.mcu.externaltools.gnu-tools-for-stm32.10.3-2021.10.win32_1.0.0.202111181127/tools/bin/../lib/gcc/arm-none-eabi/10.3.1/../../../../arm-none-eabi/lib/thumb/v7-m/nofp\libc_nano.a(lib_a-exit.o)
                              d:/stm32cubeide_1.8.0/stm32cubeide/plugins/com.st.stm32cube.ide.mcu.externaltools.gnu-tools-for-stm32.10.3-2021.10.win32_1.0.0.202111181127/tools/bin/../lib/gcc/arm-none-eabi/10.3.1/../../../../arm-none-eabi/lib/thumb/v7-m/nofp/crt0.o (exit)
d:/stm32cubeide_1.8.0/stm32cubeide/plugins/com.st.stm32cube.ide.mcu.externaltools.gnu-tools-for-stm32.10.3-2021.10.win32_1.0.0.202111181127/tools/bin/../lib/gcc/arm-none-eabi/10.3.1/../../../../arm-none-eabi/lib/thumb/v7-m/nofp\libc_nano.a(lib_a-impure.o)
                              d:/stm32cubeide_1.8.0/stm32cubeide/plugins/com.st.stm32cube.ide.mcu.externaltools.gnu-tools-for-stm32.10.3-2021.10.win32_1.0.0.202111181127/tools/bin/../lib/gcc/arm-none-eabi/10.3.1/../../../../arm-none-eabi/lib/thumb/v7-m/nofp\libc_nano.a(lib_a-exit.o) (_global_impure_ptr)
d:/stm32cubeide_1.8.0/stm32cubeide/plugins/com.st.stm32cube.ide.mcu.externaltools.gnu-tools-for-stm32.10.3-2021.10.win32_1.0.0.202111181127/tools/bin/../lib/gcc/arm-none-eabi/10.3.1/../../../../arm-none-eabi/lib/thumb/v7-m/nofp\libc_nano.a(lib_a-init.o)
                              d:/stm32cubeide_1.8.0/stm32cubeide/plugins/com.st.stm32cube.ide.mcu.externaltools.gnu-tools-for-stm32.10.3-2021.10.win32_1.0.0.202111181127/tools/bin/../lib/gcc/arm-none-eabi/10.3.1/../../../../arm-none-eabi/lib/thumb/v7-m/nofp/crt0.o (__libc_init_array)
d:/stm32cubeide_1.8.0/stm32cubeide/plugins/com.st.stm32cube.ide.mcu.externaltools.gnu-tools-for-stm32.10.3-2021.10.win32_1.0.0.202111181127/tools/bin/../lib/gcc/arm-none-eabi/10.3.1/../../../../arm-none-eabi/lib/thumb/v7-m/nofp\libc_nano.a(lib_a-memset.o)
                              d:/stm32cubeide_1.8.0/stm32cubeide/plugins/com.st.stm32cube.ide.mcu.externaltools.gnu-tools-for-stm32.10.3-2021.10.win32_1.0.0.202111181127/tools/bin/../lib/gcc/arm-none-eabi/10.3.1/../../../../arm-none-eabi/lib/thumb/v7-m/nofp/crt0.o (memset)

Discarded input sections

 .text          0x0000000000000000        0x0 d:/stm32cubeide_1.8.0/stm32cubeide/plugins/com.st.stm32cube.ide.mcu.externaltools.gnu-tools-for-stm32.10.3-2021.10.win32_1.0.0.202111181127/tools/bin/../lib/gcc/arm-none-eabi/10.3.1/thumb/v7-m/nofp/crti.o
 .data          0x0000000000000000        0x0 d:/stm32cubeide_1.8.0/stm32cubeide/plugins/com.st.stm32cube.ide.mcu.externaltools.gnu-tools-for-stm32.10.3-2021.10.win32_1.0.0.202111181127/tools/bin/../lib/gcc/arm-none-eabi/10.3.1/thumb/v7-m/nofp/crti.o
 .bss           0x0000000000000000        0x0 d:/stm32cubeide_1.8.0/stm32cubeide/plugins/com.st.stm32cube.ide.mcu.externaltools.gnu-tools-for-stm32.10.3-2021.10.win32_1.0.0.202111181127/tools/bin/../lib/gcc/arm-none-eabi/10.3.1/thumb/v7-m/nofp/crti.o
 .data          0x0000000000000000        0x4 d:/stm32cubeide_1.8.0/stm32cubeide/plugins/com.st.stm32cube.ide.mcu.externaltools.gnu-tools-for-stm32.10.3-2021.10.win32_1.0.0.202111181127/tools/bin/../lib/gcc/arm-none-eabi/10.3.1/thumb/v7-m/nofp/crtbegin.o
 .rodata        0x0000000000000000       0x24 d:/stm32cubeide_1.8.0/stm32cubeide/plugins/com.st.stm32cube.ide.mcu.externaltools.gnu-tools-for-stm32.10.3-2021.10.win32_1.0.0.202111181127/tools/bin/../lib/gcc/arm-none-eabi/10.3.1/thumb/v7-m/nofp/crtbegin.o
 .text          0x0000000000000000       0x7c d:/stm32cubeide_1.8.0/stm32cubeide/plugins/com.st.stm32cube.ide.mcu.externaltools.gnu-tools-for-stm32.10.3-2021.10.win32_1.0.0.202111181127/tools/bin/../lib/gcc/arm-none-eabi/10.3.1/../../../../arm-none-eabi/lib/thumb/v7-m/nofp/crt0.o
 .data          0x0000000000000000        0x0 d:/stm32cubeide_1.8.0/stm32cubeide/plugins/com.st.stm32cube.ide.mcu.externaltools.gnu-tools-for-stm32.10.3-2021.10.win32_1.0.0.202111181127/tools/bin/../lib/gcc/arm-none-eabi/10.3.1/../../../../arm-none-eabi/lib/thumb/v7-m/nofp/crt0.o
 .bss           0x0000000000000000        0x0 d:/stm32cubeide_1.8.0/stm32cubeide/plugins/com.st.stm32cube.ide.mcu.externaltools.gnu-tools-for-stm32.10.3-2021.10.win32_1.0.0.202111181127/tools/bin/../lib/gcc/arm-none-eabi/10.3.1/../../../../arm-none-eabi/lib/thumb/v7-m/nofp/crt0.o
 .ARM.extab     0x0000000000000000        0x0 d:/stm32cubeide_1.8.0/stm32cubeide/plugins/com.st.stm32cube.ide.mcu.externaltools.gnu-tools-for-stm32.10.3-2021.10.win32_1.0.0.202111181127/tools/bin/../lib/gcc/arm-none-eabi/10.3.1/../../../../arm-none-eabi/lib/thumb/v7-m/nofp/crt0.o
[...]
Memory Configuration

Name             Origin             Length             Attributes
RAM              0x0000000020000000 0x0000000000010000 xrw
FLASH            0x0000000008000000 0x0000000000080000 xr
*default*        0x0000000000000000 0xffffffffffffffff

Linker script and memory map

LOAD d:/stm32cubeide_1.8.0/stm32cubeide/plugins/com.st.stm32cube.ide.mcu.externaltools.gnu-tools-for-stm32.10.3-2021.10.win32_1.0.0.202111181127/tools/bin/../lib/gcc/arm-none-eabi/10.3.1/thumb/v7-m/nofp/crti.o
LOAD d:/stm32cubeide_1.8.0/stm32cubeide/plugins/com.st.stm32cube.ide.mcu.externaltools.gnu-tools-for-stm32.10.3-2021.10.win32_1.0.0.202111181127/tools/bin/../lib/gcc/arm-none-eabi/10.3.1/thumb/v7-m/nofp/crtbegin.o
LOAD d:/stm32cubeide_1.8.0/stm32cubeide/plugins/com.st.stm32cube.ide.mcu.externaltools.gnu-tools-for-stm32.10.3-2021.10.win32_1.0.0.202111181127/tools/bin/../lib/gcc/arm-none-eabi/10.3.1/../../../../arm-none-eabi/lib/thumb/v7-m/nofp/crt0.o
LOAD ./Core/Src/gpio.o
LOAD ./Core/Src/main.o
LOAD ./Core/Src/rtc.o
LOAD ./Core/Src/stm32f1xx_hal_msp.o
LOAD ./Core/Src/stm32f1xx_it.o
LOAD ./Core/Src/syscalls.o
LOAD ./Core/Src/sysmem.o
LOAD ./Core/Src/system_stm32f1xx.o
LOAD ./Core/Startup/startup_stm32f103zetx.o
LOAD ./Drivers/STM32F1xx_HAL_Driver/Src/stm32f1xx_hal.o
LOAD ./Drivers/STM32F1xx_HAL_Driver/Src/stm32f1xx_hal_cortex.o
LOAD ./Drivers/STM32F1xx_HAL_Driver/Src/stm32f1xx_hal_dma.o
LOAD ./Drivers/STM32F1xx_HAL_Driver/Src/stm32f1xx_hal_exti.o
LOAD ./Drivers/STM32F1xx_HAL_Driver/Src/stm32f1xx_hal_flash.o
LOAD ./Drivers/STM32F1xx_HAL_Driver/Src/stm32f1xx_hal_flash_ex.o
LOAD ./Drivers/STM32F1xx_HAL_Driver/Src/stm32f1xx_hal_gpio.o
LOAD ./Drivers/STM32F1xx_HAL_Driver/Src/stm32f1xx_hal_gpio_ex.o
LOAD ./Drivers/STM32F1xx_HAL_Driver/Src/stm32f1xx_hal_pwr.o
LOAD ./Drivers/STM32F1xx_HAL_Driver/Src/stm32f1xx_hal_rcc.o
LOAD ./Drivers/STM32F1xx_HAL_Driver/Src/stm32f1xx_hal_rcc_ex.o
LOAD ./Drivers/STM32F1xx_HAL_Driver/Src/stm32f1xx_hal_rtc.o
LOAD ./Drivers/STM32F1xx_HAL_Driver/Src/stm32f1xx_hal_rtc_ex.o
LOAD ./Drivers/STM32F1xx_HAL_Driver/Src/stm32f1xx_hal_tim.o
LOAD ./Drivers/STM32F1xx_HAL_Driver/Src/stm32f1xx_hal_tim_ex.o
START GROUP
LOAD d:/stm32cubeide_1.8.0/stm32cubeide/plugins/com.st.stm32cube.ide.mcu.externaltools.gnu-tools-for-stm32.10.3-2021.10.win32_1.0.0.202111181127/tools/bin/../lib/gcc/arm-none-eabi/10.3.1/../../../../arm-none-eabi/lib/thumb/v7-m/nofp\libc_nano.a
LOAD d:/stm32cubeide_1.8.0/stm32cubeide/plugins/com.st.stm32cube.ide.mcu.externaltools.gnu-tools-for-stm32.10.3-2021.10.win32_1.0.0.202111181127/tools/bin/../lib/gcc/arm-none-eabi/10.3.1/../../../../arm-none-eabi/lib/thumb/v7-m/nofp\libm.a
END GROUP
START GROUP
LOAD d:/stm32cubeide_1.8.0/stm32cubeide/plugins/com.st.stm32cube.ide.mcu.externaltools.gnu-tools-for-stm32.10.3-2021.10.win32_1.0.0.202111181127/tools/bin/../lib/gcc/arm-none-eabi/10.3.1/thumb/v7-m/nofp\libgcc.a
LOAD d:/stm32cubeide_1.8.0/stm32cubeide/plugins/com.st.stm32cube.ide.mcu.externaltools.gnu-tools-for-stm32.10.3-2021.10.win32_1.0.0.202111181127/tools/bin/../lib/gcc/arm-none-eabi/10.3.1/../../../../arm-none-eabi/lib/thumb/v7-m/nofp\libc_nano.a
END GROUP
START GROUP
LOAD d:/stm32cubeide_1.8.0/stm32cubeide/plugins/com.st.stm32cube.ide.mcu.externaltools.gnu-tools-for-stm32.10.3-2021.10.win32_1.0.0.202111181127/tools/bin/../lib/gcc/arm-none-eabi/10.3.1/thumb/v7-m/nofp\libgcc.a
LOAD d:/stm32cubeide_1.8.0/stm32cubeide/plugins/com.st.stm32cube.ide.mcu.externaltools.gnu-tools-for-stm32.10.3-2021.10.win32_1.0.0.202111181127/tools/bin/../lib/gcc/arm-none-eabi/10.3.1/../../../../arm-none-eabi/lib/thumb/v7-m/nofp\libc_nano.a
LOAD d:/stm32cubeide_1.8.0/stm32cubeide/plugins/com.st.stm32cube.ide.mcu.externaltools.gnu-tools-for-stm32.10.3-2021.10.win32_1.0.0.202111181127/tools/bin/../lib/gcc/arm-none-eabi/10.3.1/../../../../arm-none-eabi/lib/thumb/v7-m/nofp\libnosys.a
END GROUP
START GROUP
LOAD d:/stm32cubeide_1.8.0/stm32cubeide/plugins/com.st.stm32cube.ide.mcu.externaltools.gnu-tools-for-stm32.10.3-2021.10.win32_1.0.0.202111181127/tools/bin/../lib/gcc/arm-none-eabi/10.3.1/thumb/v7-m/nofp\libgcc.a
LOAD d:/stm32cubeide_1.8.0/stm32cubeide/plugins/com.st.stm32cube.ide.mcu.externaltools.gnu-tools-for-stm32.10.3-2021.10.win32_1.0.0.202111181127/tools/bin/../lib/gcc/arm-none-eabi/10.3.1/../../../../arm-none-eabi/lib/thumb/v7-m/nofp\libc_nano.a
LOAD d:/stm32cubeide_1.8.0/stm32cubeide/plugins/com.st.stm32cube.ide.mcu.externaltools.gnu-tools-for-stm32.10.3-2021.10.win32_1.0.0.202111181127/tools/bin/../lib/gcc/arm-none-eabi/10.3.1/../../../../arm-none-eabi/lib/thumb/v7-m/nofp\libnosys.a
END GROUP
LOAD d:/stm32cubeide_1.8.0/stm32cubeide/plugins/com.st.stm32cube.ide.mcu.externaltools.gnu-tools-for-stm32.10.3-2021.10.win32_1.0.0.202111181127/tools/bin/../lib/gcc/arm-none-eabi/10.3.1/thumb/v7-m/nofp/crtend.o
LOAD d:/stm32cubeide_1.8.0/stm32cubeide/plugins/com.st.stm32cube.ide.mcu.externaltools.gnu-tools-for-stm32.10.3-2021.10.win32_1.0.0.202111181127/tools/bin/../lib/gcc/arm-none-eabi/10.3.1/thumb/v7-m/nofp/crtn.o
                0x0000000020010000                _estack = (ORIGIN (RAM) + LENGTH (RAM))
                0x0000000000000200                _Min_Heap_Size = 0x200
                0x0000000000000400                _Min_Stack_Size = 0x400

.isr_vector     0x0000000008000000      0x1e4
                0x0000000008000000                . = ALIGN (0x4)
 *(.isr_vector)
 .isr_vector    0x0000000008000000      0x1e4 ./Core/Startup/startup_stm32f103zetx.o
                0x0000000008000000                g_pfnVectors
                0x00000000080001e4                . = ALIGN (0x4)

.text           0x00000000080001e4     0x1804
                0x00000000080001e4                . = ALIGN (0x4)
 *(.text)
 .text          0x00000000080001e4       0x40 d:/stm32cubeide_1.8.0/stm32cubeide/plugins/com.st.stm32cube.ide.mcu.externaltools.gnu-tools-for-stm32.10.3-2021.10.win32_1.0.0.202111181127/tools/bin/../lib/gcc/arm-none-eabi/10.3.1/thumb/v7-m/nofp/crtbegin.o
 *(.text*)
 .text.MX_GPIO_Init
                0x0000000008000224       0xd4 ./Core/Src/gpio.o
                0x0000000008000224                MX_GPIO_Init
 .text.main     0x00000000080002f8       0x54 ./Core/Src/main.o
                0x00000000080002f8                main
 .text.SystemClock_Config
                0x000000000800034c       0xbe ./Core/Src/main.o
                0x000000000800034c                SystemClock_Config
 .text.Error_Handler
                0x000000000800040a        0xa ./Core/Src/main.o
                0x000000000800040a                Error_Handler
 .text.MX_RTC_Init
                0x0000000008000414       0x38 ./Core/Src/rtc.o
                0x0000000008000414                MX_RTC_Init
 .text.HAL_RTC_MspInit
                0x000000000800044c       0x48 ./Core/Src/rtc.o
                0x000000000800044c                HAL_RTC_MspInit
 .text.HAL_MspInit
                0x0000000008000494       0x5c ./Core/Src/stm32f1xx_hal_msp.o
                0x0000000008000494                HAL_MspInit
 .text.NMI_Handler
                0x00000000080004f0        0x6 ./Core/Src/stm32f1xx_it.o
                0x00000000080004f0                NMI_Handler
 .text.HardFault_Handler
                0x00000000080004f6        0x6 ./Core/Src/stm32f1xx_it.o
                0x00000000080004f6                HardFault_Handler
 .text.MemManage_Handler
                0x00000000080004fc        0x6 ./Core/Src/stm32f1xx_it.o
                0x00000000080004fc                MemManage_Handler
 .text.BusFault_Handler
                0x0000000008000502        0x6 ./Core/Src/stm32f1xx_it.o
                0x0000000008000502                BusFault_Handler
 .text.UsageFault_Handler
                0x0000000008000508        0x6 ./Core/Src/stm32f1xx_it.o
                0x0000000008000508                UsageFault_Handler
 .text.SVC_Handler
                0x000000000800050e        0xc ./Core/Src/stm32f1xx_it.o
                0x000000000800050e                SVC_Handler
 .text.DebugMon_Handler
                0x000000000800051a        0xc ./Core/Src/stm32f1xx_it.o
                0x000000000800051a                DebugMon_Handler
 .text.PendSV_Handler
                0x0000000008000526        0xc ./Core/Src/stm32f1xx_it.o
                0x0000000008000526                PendSV_Handler
 .text.SysTick_Handler
                0x0000000008000532        0xc ./Core/Src/stm32f1xx_it.o
                0x0000000008000532                SysTick_Handler
 .text.SystemInit
                0x000000000800053e        0xc ./Core/Src/system_stm32f1xx.o
                0x000000000800053e                SystemInit
 *fill*         0x000000000800054a        0x2 
 .text.Reset_Handler
                0x000000000800054c       0x48 ./Core/Startup/startup_stm32f103zetx.o
                0x000000000800054c                Reset_Handler
 .text.Default_Handler
                0x0000000008000594        0x2 ./Core/Startup/startup_stm32f103zetx.o
                0x0000000008000594                RTC_Alarm_IRQHandler
                0x0000000008000594                EXTI2_IRQHandler
                0x0000000008000594                TIM8_TRG_COM_IRQHandler
                0x0000000008000594                TIM8_CC_IRQHandler
                0x0000000008000594                TIM1_CC_IRQHandler
                0x0000000008000594                TIM6_IRQHandler
                0x0000000008000594                PVD_IRQHandler
                0x0000000008000594                SDIO_IRQHandler
                0x0000000008000594                EXTI3_IRQHandler
                0x0000000008000594                EXTI0_IRQHandler
                0x0000000008000594                I2C2_EV_IRQHandler
                0x0000000008000594                ADC1_2_IRQHandler
                0x0000000008000594                SPI1_IRQHandler
                0x0000000008000594                TAMPER_IRQHandler
                0x0000000008000594                TIM8_UP_IRQHandler
                0x0000000008000594                DMA2_Channel2_IRQHandler
                0x0000000008000594                DMA1_Channel4_IRQHandler
                0x0000000008000594                USART3_IRQHandler
                0x0000000008000594                RTC_IRQHandler
                0x0000000008000594                DMA1_Channel7_IRQHandler
                0x0000000008000594                CAN1_RX1_IRQHandler
                0x0000000008000594                UART5_IRQHandler
                0x0000000008000594                ADC3_IRQHandler
                0x0000000008000594                TIM4_IRQHandler
                0x0000000008000594                DMA2_Channel1_IRQHandler
                0x0000000008000594                I2C1_EV_IRQHandler
                0x0000000008000594                DMA1_Channel6_IRQHandler
                0x0000000008000594                UART4_IRQHandler
                0x0000000008000594                TIM3_IRQHandler
                0x0000000008000594                RCC_IRQHandler
                0x0000000008000594                TIM1_TRG_COM_IRQHandler
                0x0000000008000594                DMA1_Channel1_IRQHandler
                0x0000000008000594                Default_Handler
                0x0000000008000594                EXTI15_10_IRQHandler
                0x0000000008000594                TIM7_IRQHandler
                0x0000000008000594                TIM5_IRQHandler
                0x0000000008000594                EXTI9_5_IRQHandler
                0x0000000008000594                SPI2_IRQHandler
                0x0000000008000594                DMA1_Channel5_IRQHandler
                0x0000000008000594                EXTI4_IRQHandler
                0x0000000008000594                USB_LP_CAN1_RX0_IRQHandler
                0x0000000008000594                USB_HP_CAN1_TX_IRQHandler
                0x0000000008000594                DMA1_Channel3_IRQHandler
                0x0000000008000594                FSMC_IRQHandler
                0x0000000008000594                TIM1_UP_IRQHandler
                0x0000000008000594                WWDG_IRQHandler
                0x0000000008000594                TIM2_IRQHandler
                0x0000000008000594                TIM1_BRK_IRQHandler
                0x0000000008000594                EXTI1_IRQHandler
                0x0000000008000594                DMA2_Channel4_5_IRQHandler
                0x0000000008000594                USART2_IRQHandler
                0x0000000008000594                I2C2_ER_IRQHandler
                0x0000000008000594                DMA1_Channel2_IRQHandler
                0x0000000008000594                TIM8_BRK_IRQHandler
                0x0000000008000594                CAN1_SCE_IRQHandler
                0x0000000008000594                FLASH_IRQHandler
                0x0000000008000594                USART1_IRQHandler
                0x0000000008000594                SPI3_IRQHandler
                0x0000000008000594                I2C1_ER_IRQHandler
                0x0000000008000594                USBWakeUp_IRQHandler
                0x0000000008000594                DMA2_Channel3_IRQHandler
 *fill*         0x0000000008000596        0x2 
 .text.HAL_Init
                0x0000000008000598       0x2c ./Drivers/STM32F1xx_HAL_Driver/Src/stm32f1xx_hal.o
                0x0000000008000598                HAL_Init
 .text.HAL_InitTick
                0x00000000080005c4       0x60 ./Drivers/STM32F1xx_HAL_Driver/Src/stm32f1xx_hal.o
                0x00000000080005c4                HAL_InitTick
 .text.HAL_IncTick
                0x0000000008000624       0x24 ./Drivers/STM32F1xx_HAL_Driver/Src/stm32f1xx_hal.o
                0x0000000008000624                HAL_IncTick
 .text.HAL_GetTick
                0x0000000008000648       0x14 ./Drivers/STM32F1xx_HAL_Driver/Src/stm32f1xx_hal.o
                0x0000000008000648                HAL_GetTick
 .text.HAL_Delay
                0x000000000800065c       0x48 ./Drivers/STM32F1xx_HAL_Driver/Src/stm32f1xx_hal.o
                0x000000000800065c                HAL_Delay
 .text.__NVIC_SetPriorityGrouping
                0x00000000080006a4       0x48 ./Drivers/STM32F1xx_HAL_Driver/Src/stm32f1xx_hal_cortex.o
 .text.__NVIC_GetPriorityGrouping
                0x00000000080006ec       0x1c ./Drivers/STM32F1xx_HAL_Driver/Src/stm32f1xx_hal_cortex.o
 .text.__NVIC_SetPriority
                0x0000000008000708       0x54 ./Drivers/STM32F1xx_HAL_Driver/Src/stm32f1xx_hal_cortex.o
 .text.NVIC_EncodePriority
                0x000000000800075c       0x64 ./Drivers/STM32F1xx_HAL_Driver/Src/stm32f1xx_hal_cortex.o
 .text.SysTick_Config
                0x00000000080007c0       0x44 ./Drivers/STM32F1xx_HAL_Driver/Src/stm32f1xx_hal_cortex.o
 .text.HAL_NVIC_SetPriorityGrouping
                0x0000000008000804       0x16 ./Drivers/STM32F1xx_HAL_Driver/Src/stm32f1xx_hal_cortex.o
                0x0000000008000804                HAL_NVIC_SetPriorityGrouping
 .text.HAL_NVIC_SetPriority
                0x000000000800081a       0x38 ./Drivers/STM32F1xx_HAL_Driver/Src/stm32f1xx_hal_cortex.o
                0x000000000800081a                HAL_NVIC_SetPriority
 .text.HAL_SYSTICK_Config
                0x0000000008000852       0x18 ./Drivers/STM32F1xx_HAL_Driver/Src/stm32f1xx_hal_cortex.o
                0x0000000008000852                HAL_SYSTICK_Config
 *fill*         0x000000000800086a        0x2 
 .text.HAL_GPIO_Init
                0x000000000800086c      0x328 ./Drivers/STM32F1xx_HAL_Driver/Src/stm32f1xx_hal_gpio.o
                0x000000000800086c                HAL_GPIO_Init
 .text.HAL_GPIO_WritePin
                0x0000000008000b94       0x30 ./Drivers/STM32F1xx_HAL_Driver/Src/stm32f1xx_hal_gpio.o
                0x0000000008000b94                HAL_GPIO_WritePin
 .text.HAL_GPIO_TogglePin
                0x0000000008000bc4       0x32 ./Drivers/STM32F1xx_HAL_Driver/Src/stm32f1xx_hal_gpio.o
                0x0000000008000bc4                HAL_GPIO_TogglePin
 *fill*         0x0000000008000bf6        0x2 
 .text.HAL_PWR_EnableBkUpAccess
                0x0000000008000bf8       0x18 ./Drivers/STM32F1xx_HAL_Driver/Src/stm32f1xx_hal_pwr.o
                0x0000000008000bf8                HAL_PWR_EnableBkUpAccess
 .text.HAL_RCC_OscConfig
                0x0000000008000c10      0x504 ./Drivers/STM32F1xx_HAL_Driver/Src/stm32f1xx_hal_rcc.o
                0x0000000008000c10                HAL_RCC_OscConfig
 .text.HAL_RCC_ClockConfig
                0x0000000008001114      0x1d4 ./Drivers/STM32F1xx_HAL_Driver/Src/stm32f1xx_hal_rcc.o
                0x0000000008001114                HAL_RCC_ClockConfig
 .text.HAL_RCC_GetSysClockFreq
                0x00000000080012e8       0xbc ./Drivers/STM32F1xx_HAL_Driver/Src/stm32f1xx_hal_rcc.o
                0x00000000080012e8                HAL_RCC_GetSysClockFreq
 .text.HAL_RCC_GetHCLKFreq
                0x00000000080013a4       0x14 ./Drivers/STM32F1xx_HAL_Driver/Src/stm32f1xx_hal_rcc.o
                0x00000000080013a4                HAL_RCC_GetHCLKFreq
 .text.HAL_RCC_GetPCLK2Freq
                0x00000000080013b8       0x28 ./Drivers/STM32F1xx_HAL_Driver/Src/stm32f1xx_hal_rcc.o
                0x00000000080013b8                HAL_RCC_GetPCLK2Freq
 .text.RCC_Delay
                0x00000000080013e0       0x3c ./Drivers/STM32F1xx_HAL_Driver/Src/stm32f1xx_hal_rcc.o
 .text.HAL_RCCEx_PeriphCLKConfig
                0x000000000800141c      0x16c ./Drivers/STM32F1xx_HAL_Driver/Src/stm32f1xx_hal_rcc_ex.o
                0x000000000800141c                HAL_RCCEx_PeriphCLKConfig
 .text.HAL_RCCEx_GetPeriphCLKFreq
                0x0000000008001588      0x1c8 ./Drivers/STM32F1xx_HAL_Driver/Src/stm32f1xx_hal_rcc_ex.o
                0x0000000008001588                HAL_RCCEx_GetPeriphCLKFreq
 .text.HAL_RTC_Init
                0x0000000008001750      0x12c ./Drivers/STM32F1xx_HAL_Driver/Src/stm32f1xx_hal_rtc.o
                0x0000000008001750                HAL_RTC_Init
 .text.HAL_RTC_WaitForSynchro
                0x000000000800187c       0x5a ./Drivers/STM32F1xx_HAL_Driver/Src/stm32f1xx_hal_rtc.o
                0x000000000800187c                HAL_RTC_WaitForSynchro
 .text.RTC_EnterInitMode
                0x00000000080018d6       0x50 ./Drivers/STM32F1xx_HAL_Driver/Src/stm32f1xx_hal_rtc.o
 .text.RTC_ExitInitMode
                0x0000000008001926       0x50 ./Drivers/STM32F1xx_HAL_Driver/Src/stm32f1xx_hal_rtc.o
 *fill*         0x0000000008001976        0x2 
 .text.__libc_init_array
                0x0000000008001978       0x48 d:/stm32cubeide_1.8.0/stm32cubeide/plugins/com.st.stm32cube.ide.mcu.externaltools.gnu-tools-for-stm32.10.3-2021.10.win32_1.0.0.202111181127/tools/bin/../lib/gcc/arm-none-eabi/10.3.1/../../../../arm-none-eabi/lib/thumb/v7-m/nofp\libc_nano.a(lib_a-init.o)
                0x0000000008001978                __libc_init_array
 .text.memset   0x00000000080019c0       0x10 d:/stm32cubeide_1.8.0/stm32cubeide/plugins/com.st.stm32cube.ide.mcu.externaltools.gnu-tools-for-stm32.10.3-2021.10.win32_1.0.0.202111181127/tools/bin/../lib/gcc/arm-none-eabi/10.3.1/../../../../arm-none-eabi/lib/thumb/v7-m/nofp\libc_nano.a(lib_a-memset.o)
                0x00000000080019c0                memset
 *(.glue_7)
 .glue_7        0x00000000080019d0        0x0 linker stubs
 *(.glue_7t)
 .glue_7t       0x00000000080019d0        0x0 linker stubs
 *(.eh_frame)
 .eh_frame      0x00000000080019d0        0x0 d:/stm32cubeide_1.8.0/stm32cubeide/plugins/com.st.stm32cube.ide.mcu.externaltools.gnu-tools-for-stm32.10.3-2021.10.win32_1.0.0.202111181127/tools/bin/../lib/gcc/arm-none-eabi/10.3.1/thumb/v7-m/nofp/crtbegin.o
 *(.init)
 .init          0x00000000080019d0        0x4 d:/stm32cubeide_1.8.0/stm32cubeide/plugins/com.st.stm32cube.ide.mcu.externaltools.gnu-tools-for-stm32.10.3-2021.10.win32_1.0.0.202111181127/tools/bin/../lib/gcc/arm-none-eabi/10.3.1/thumb/v7-m/nofp/crti.o
                0x00000000080019d0                _init
 .init          0x00000000080019d4        0x8 d:/stm32cubeide_1.8.0/stm32cubeide/plugins/com.st.stm32cube.ide.mcu.externaltools.gnu-tools-for-stm32.10.3-2021.10.win32_1.0.0.202111181127/tools/bin/../lib/gcc/arm-none-eabi/10.3.1/thumb/v7-m/nofp/crtn.o
 *(.fini)
 .fini          0x00000000080019dc        0x4 d:/stm32cubeide_1.8.0/stm32cubeide/plugins/com.st.stm32cube.ide.mcu.externaltools.gnu-tools-for-stm32.10.3-2021.10.win32_1.0.0.202111181127/tools/bin/../lib/gcc/arm-none-eabi/10.3.1/thumb/v7-m/nofp/crti.o
                0x00000000080019dc                _fini
 .fini          0x00000000080019e0        0x8 d:/stm32cubeide_1.8.0/stm32cubeide/plugins/com.st.stm32cube.ide.mcu.externaltools.gnu-tools-for-stm32.10.3-2021.10.win32_1.0.0.202111181127/tools/bin/../lib/gcc/arm-none-eabi/10.3.1/thumb/v7-m/nofp/crtn.o
                0x00000000080019e8                . = ALIGN (0x4)
                0x00000000080019e8                _etext = .

.vfp11_veneer   0x00000000080019e8        0x0
 .vfp11_veneer  0x00000000080019e8        0x0 linker stubs

.v4_bx          0x00000000080019e8        0x0
 .v4_bx         0x00000000080019e8        0x0 linker stubs

.iplt           0x00000000080019e8        0x0
 .iplt          0x00000000080019e8        0x0 d:/stm32cubeide_1.8.0/stm32cubeide/plugins/com.st.stm32cube.ide.mcu.externaltools.gnu-tools-for-stm32.10.3-2021.10.win32_1.0.0.202111181127/tools/bin/../lib/gcc/arm-none-eabi/10.3.1/thumb/v7-m/nofp/crtbegin.o

.rodata         0x00000000080019e8       0x38
                0x00000000080019e8                . = ALIGN (0x4)
 *(.rodata)
 .rodata        0x00000000080019e8       0x10 ./Drivers/STM32F1xx_HAL_Driver/Src/stm32f1xx_hal_rcc.o
 .rodata        0x00000000080019f8       0x10 ./Drivers/STM32F1xx_HAL_Driver/Src/stm32f1xx_hal_rcc_ex.o
 *(.rodata*)
 .rodata.AHBPrescTable
                0x0000000008001a08       0x10 ./Core/Src/system_stm32f1xx.o
                0x0000000008001a08                AHBPrescTable
 .rodata.APBPrescTable
                0x0000000008001a18        0x8 ./Core/Src/system_stm32f1xx.o
                0x0000000008001a18                APBPrescTable
                0x0000000008001a20                . = ALIGN (0x4)

.rel.dyn        0x0000000008001a20        0x0
 .rel.iplt      0x0000000008001a20        0x0 d:/stm32cubeide_1.8.0/stm32cubeide/plugins/com.st.stm32cube.ide.mcu.externaltools.gnu-tools-for-stm32.10.3-2021.10.win32_1.0.0.202111181127/tools/bin/../lib/gcc/arm-none-eabi/10.3.1/thumb/v7-m/nofp/crtbegin.o

.ARM.extab      0x0000000008001a20        0x0
                0x0000000008001a20                . = ALIGN (0x4)
 *(.ARM.extab* .gnu.linkonce.armextab.*)
                0x0000000008001a20                . = ALIGN (0x4)

.ARM            0x0000000008001a20        0x0
                0x0000000008001a20                . = ALIGN (0x4)
                0x0000000008001a20                __exidx_start = .
 *(.ARM.exidx*)
                0x0000000008001a20                __exidx_end = .
                0x0000000008001a20                . = ALIGN (0x4)

.preinit_array  0x0000000008001a20        0x0
                0x0000000008001a20                . = ALIGN (0x4)
                0x0000000008001a20                PROVIDE (__preinit_array_start = .)
 *(.preinit_array*)
                0x0000000008001a20                PROVIDE (__preinit_array_end = .)
                0x0000000008001a20                . = ALIGN (0x4)

.init_array     0x0000000008001a20        0x4
                0x0000000008001a20                . = ALIGN (0x4)
                0x0000000008001a20                PROVIDE (__init_array_start = .)
 *(SORT_BY_NAME(.init_array.*))
 *(.init_array*)
 .init_array    0x0000000008001a20        0x4 d:/stm32cubeide_1.8.0/stm32cubeide/plugins/com.st.stm32cube.ide.mcu.externaltools.gnu-tools-for-stm32.10.3-2021.10.win32_1.0.0.202111181127/tools/bin/../lib/gcc/arm-none-eabi/10.3.1/thumb/v7-m/nofp/crtbegin.o
                0x0000000008001a24                PROVIDE (__init_array_end = .)
                0x0000000008001a24                . = ALIGN (0x4)

.fini_array     0x0000000008001a24        0x4
                0x0000000008001a24                . = ALIGN (0x4)
                [!provide]                        PROVIDE (__fini_array_start = .)
 *(SORT_BY_NAME(.fini_array.*))
 *(.fini_array*)
 .fini_array    0x0000000008001a24        0x4 d:/stm32cubeide_1.8.0/stm32cubeide/plugins/com.st.stm32cube.ide.mcu.externaltools.gnu-tools-for-stm32.10.3-2021.10.win32_1.0.0.202111181127/tools/bin/../lib/gcc/arm-none-eabi/10.3.1/thumb/v7-m/nofp/crtbegin.o
                [!provide]                        PROVIDE (__fini_array_end = .)
                0x0000000008001a28                . = ALIGN (0x4)
                0x0000000008001a28                _sidata = LOADADDR (.data)

.data           0x0000000020000000        0xc load address 0x0000000008001a28
                0x0000000020000000                . = ALIGN (0x4)
                0x0000000020000000                _sdata = .
 *(.data)
 *(.data*)
 .data.SystemCoreClock
                0x0000000020000000        0x4 ./Core/Src/system_stm32f1xx.o
                0x0000000020000000                SystemCoreClock
 .data.uwTickPrio
                0x0000000020000004        0x4 ./Drivers/STM32F1xx_HAL_Driver/Src/stm32f1xx_hal.o
                0x0000000020000004                uwTickPrio
 .data.uwTickFreq
                0x0000000020000008        0x1 ./Drivers/STM32F1xx_HAL_Driver/Src/stm32f1xx_hal.o
                0x0000000020000008                uwTickFreq
 *(.RamFunc)
 *(.RamFunc*)
                0x000000002000000c                . = ALIGN (0x4)
 *fill*         0x0000000020000009        0x3 
                0x000000002000000c                _edata = .

.igot.plt       0x000000002000000c        0x0 load address 0x0000000008001a34
 .igot.plt      0x000000002000000c        0x0 d:/stm32cubeide_1.8.0/stm32cubeide/plugins/com.st.stm32cube.ide.mcu.externaltools.gnu-tools-for-stm32.10.3-2021.10.win32_1.0.0.202111181127/tools/bin/../lib/gcc/arm-none-eabi/10.3.1/thumb/v7-m/nofp/crtbegin.o
                0x000000002000000c                . = ALIGN (0x4)

.bss            0x000000002000000c       0x34 load address 0x0000000008001a34
                0x000000002000000c                _sbss = .
                0x000000002000000c                __bss_start__ = _sbss
 *(.bss)
 .bss           0x000000002000000c       0x1c d:/stm32cubeide_1.8.0/stm32cubeide/plugins/com.st.stm32cube.ide.mcu.externaltools.gnu-tools-for-stm32.10.3-2021.10.win32_1.0.0.202111181127/tools/bin/../lib/gcc/arm-none-eabi/10.3.1/thumb/v7-m/nofp/crtbegin.o
 *(.bss*)
 .bss.hrtc      0x0000000020000028       0x14 ./Core/Src/rtc.o
                0x0000000020000028                hrtc
 .bss.uwTick    0x000000002000003c        0x4 ./Drivers/STM32F1xx_HAL_Driver/Src/stm32f1xx_hal.o
                0x000000002000003c                uwTick
 *(COMMON)
                0x0000000020000040                . = ALIGN (0x4)
                0x0000000020000040                _ebss = .
                0x0000000020000040                __bss_end__ = _ebss

._user_heap_stack
                0x0000000020000040      0x600 load address 0x0000000008001a34
                0x0000000020000040                . = ALIGN (0x8)
                [!provide]                        PROVIDE (end = .)
                0x0000000020000040                PROVIDE (_end = .)
                0x0000000020000240                . = (. + _Min_Heap_Size)
 *fill*         0x0000000020000040      0x200 
                0x0000000020000640                . = (. + _Min_Stack_Size)
 *fill*         0x0000000020000240      0x400 
                0x0000000020000640                . = ALIGN (0x8)

/DISCARD/
 libc.a(*)
 libm.a(*)
 libgcc.a(*)

.ARM.attributes
                0x0000000000000000       0x29
 *(.ARM.attributes)
 .ARM.attributes
                0x0000000000000000       0x1d d:/stm32cubeide_1.8.0/stm32cubeide/plugins/com.st.stm32cube.ide.mcu.externaltools.gnu-tools-for-stm32.10.3-2021.10.win32_1.0.0.202111181127/tools/bin/../lib/gcc/arm-none-eabi/10.3.1/thumb/v7-m/nofp/crti.o
 .ARM.attributes
                0x000000000000001d       0x2d d:/stm32cubeide_1.8.0/stm32cubeide/plugins/com.st.stm32cube.ide.mcu.externaltools.gnu-tools-for-stm32.10.3-2021.10.win32_1.0.0.202111181127/tools/bin/../lib/gcc/arm-none-eabi/10.3.1/thumb/v7-m/nofp/crtbegin.o
 .ARM.attributes
                0x000000000000004a       0x2d ./Core/Src/gpio.o
 .ARM.attributes
                0x0000000000000077       0x2d ./Core/Src/main.o
 .ARM.attributes
                0x00000000000000a4       0x2d ./Core/Src/rtc.o
 .ARM.attributes
                0x00000000000000d1       0x2d ./Core/Src/stm32f1xx_hal_msp.o
 .ARM.attributes
                0x00000000000000fe       0x2d ./Core/Src/stm32f1xx_it.o
 .ARM.attributes
                0x000000000000012b       0x2d ./Core/Src/system_stm32f1xx.o
 .ARM.attributes
                0x0000000000000158       0x21 ./Core/Startup/startup_stm32f103zetx.o
 .ARM.attributes
                0x0000000000000179       0x2d ./Drivers/STM32F1xx_HAL_Driver/Src/stm32f1xx_hal.o
 .ARM.attributes
                0x00000000000001a6       0x2d ./Drivers/STM32F1xx_HAL_Driver/Src/stm32f1xx_hal_cortex.o
 .ARM.attributes
                0x00000000000001d3       0x2d ./Drivers/STM32F1xx_HAL_Driver/Src/stm32f1xx_hal_gpio.o
 .ARM.attributes
                0x0000000000000200       0x2d ./Drivers/STM32F1xx_HAL_Driver/Src/stm32f1xx_hal_pwr.o
 .ARM.attributes
                0x000000000000022d       0x2d ./Drivers/STM32F1xx_HAL_Driver/Src/stm32f1xx_hal_rcc.o
 .ARM.attributes
                0x000000000000025a       0x2d ./Drivers/STM32F1xx_HAL_Driver/Src/stm32f1xx_hal_rcc_ex.o
 .ARM.attributes
                0x0000000000000287       0x2d ./Drivers/STM32F1xx_HAL_Driver/Src/stm32f1xx_hal_rtc.o
 .ARM.attributes
                0x00000000000002b4       0x2d d:/stm32cubeide_1.8.0/stm32cubeide/plugins/com.st.stm32cube.ide.mcu.externaltools.gnu-tools-for-stm32.10.3-2021.10.win32_1.0.0.202111181127/tools/bin/../lib/gcc/arm-none-eabi/10.3.1/../../../../arm-none-eabi/lib/thumb/v7-m/nofp\libc_nano.a(lib_a-init.o)
 .ARM.attributes
                0x00000000000002e1       0x2d d:/stm32cubeide_1.8.0/stm32cubeide/plugins/com.st.stm32cube.ide.mcu.externaltools.gnu-tools-for-stm32.10.3-2021.10.win32_1.0.0.202111181127/tools/bin/../lib/gcc/arm-none-eabi/10.3.1/../../../../arm-none-eabi/lib/thumb/v7-m/nofp\libc_nano.a(lib_a-memset.o)
 .ARM.attributes
                0x000000000000030e       0x1d d:/stm32cubeide_1.8.0/stm32cubeide/plugins/com.st.stm32cube.ide.mcu.externaltools.gnu-tools-for-stm32.10.3-2021.10.win32_1.0.0.202111181127/tools/bin/../lib/gcc/arm-none-eabi/10.3.1/thumb/v7-m/nofp/crtn.o
OUTPUT(P1_TEST.elf elf32-littlearm)
LOAD linker stubs
LOAD d:/stm32cubeide_1.8.0/stm32cubeide/plugins/com.st.stm32cube.ide.mcu.externaltools.gnu-tools-for-stm32.10.3-2021.10.win32_1.0.0.202111181127/tools/bin/../lib/gcc/arm-none-eabi/10.3.1/../../../../arm-none-eabi/lib/thumb/v7-m/nofp\libc.a
LOAD d:/stm32cubeide_1.8.0/stm32cubeide/plugins/com.st.stm32cube.ide.mcu.externaltools.gnu-tools-for-stm32.10.3-2021.10.win32_1.0.0.202111181127/tools/bin/../lib/gcc/arm-none-eabi/10.3.1/../../../../arm-none-eabi/lib/thumb/v7-m/nofp\libm.a
LOAD d:/stm32cubeide_1.8.0/stm32cubeide/plugins/com.st.stm32cube.ide.mcu.externaltools.gnu-tools-for-stm32.10.3-2021.10.win32_1.0.0.202111181127/tools/bin/../lib/gcc/arm-none-eabi/10.3.1/thumb/v7-m/nofp\libgcc.a

.debug_info     0x0000000000000000     0x4c29
 .debug_info    0x0000000000000000      0x30b ./Core/Src/gpio.o
 .debug_info    0x000000000000030b      0x451 ./Core/Src/main.o
 .debug_info    0x000000000000075c      0x43c ./Core/Src/rtc.o
 .debug_info    0x0000000000000b98      0x210 ./Core/Src/stm32f1xx_hal_msp.o
 .debug_info    0x0000000000000da8      0x122 ./Core/Src/stm32f1xx_it.o
 .debug_info    0x0000000000000eca      0x23d ./Core/Src/system_stm32f1xx.o
 .debug_info    0x0000000000001107       0x22 ./Core/Startup/startup_stm32f103zetx.o
 .debug_info    0x0000000000001129      0x79a ./Drivers/STM32F1xx_HAL_Driver/Src/stm32f1xx_hal.o
 .debug_info    0x00000000000018c3      0xb86 ./Drivers/STM32F1xx_HAL_Driver/Src/stm32f1xx_hal_cortex.o
 .debug_info    0x0000000000002449      0x615 ./Drivers/STM32F1xx_HAL_Driver/Src/stm32f1xx_hal_gpio.o
 .debug_info    0x0000000000002a5e      0x65c ./Drivers/STM32F1xx_HAL_Driver/Src/stm32f1xx_hal_pwr.o
 .debug_info    0x00000000000030ba      0x860 ./Drivers/STM32F1xx_HAL_Driver/Src/stm32f1xx_hal_rcc.o
 .debug_info    0x000000000000391a      0x409 ./Drivers/STM32F1xx_HAL_Driver/Src/stm32f1xx_hal_rcc_ex.o
 .debug_info    0x0000000000003d23      0xf06 ./Drivers/STM32F1xx_HAL_Driver/Src/stm32f1xx_hal_rtc.o

.debug_abbrev   0x0000000000000000     0x1629
 .debug_abbrev  0x0000000000000000      0x134 ./Core/Src/gpio.o
 .debug_abbrev  0x0000000000000134      0x1bf ./Core/Src/main.o
 .debug_abbrev  0x00000000000002f3      0x1ab ./Core/Src/rtc.o
 .debug_abbrev  0x000000000000049e       0xd4 ./Core/Src/stm32f1xx_hal_msp.o
 .debug_abbrev  0x0000000000000572       0x74 ./Core/Src/stm32f1xx_it.o
 .debug_abbrev  0x00000000000005e6      0x13b ./Core/Src/system_stm32f1xx.o
 .debug_abbrev  0x0000000000000721       0x12 ./Core/Startup/startup_stm32f103zetx.o
 .debug_abbrev  0x0000000000000733      0x1fb ./Drivers/STM32F1xx_HAL_Driver/Src/stm32f1xx_hal.o
 .debug_abbrev  0x000000000000092e      0x2ed ./Drivers/STM32F1xx_HAL_Driver/Src/stm32f1xx_hal_cortex.o
 .debug_abbrev  0x0000000000000c1b      0x1bb ./Drivers/STM32F1xx_HAL_Driver/Src/stm32f1xx_hal_gpio.o
 .debug_abbrev  0x0000000000000dd6      0x1ed ./Drivers/STM32F1xx_HAL_Driver/Src/stm32f1xx_hal_pwr.o
 .debug_abbrev  0x0000000000000fc3      0x2a8 ./Drivers/STM32F1xx_HAL_Driver/Src/stm32f1xx_hal_rcc.o
 .debug_abbrev  0x000000000000126b      0x182 ./Drivers/STM32F1xx_HAL_Driver/Src/stm32f1xx_hal_rcc_ex.o
 .debug_abbrev  0x00000000000013ed      0x23c ./Drivers/STM32F1xx_HAL_Driver/Src/stm32f1xx_hal_rtc.o

.debug_aranges  0x0000000000000000      0x5e8
 .debug_aranges
                0x0000000000000000       0x20 ./Core/Src/gpio.o
 .debug_aranges
                0x0000000000000020       0x30 ./Core/Src/main.o
 .debug_aranges
                0x0000000000000050       0x30 ./Core/Src/rtc.o
 .debug_aranges
                0x0000000000000080       0x20 ./Core/Src/stm32f1xx_hal_msp.o
 .debug_aranges
                0x00000000000000a0       0x60 ./Core/Src/stm32f1xx_it.o
 .debug_aranges
                0x0000000000000100       0x28 ./Core/Src/system_stm32f1xx.o
 .debug_aranges
                0x0000000000000128       0x28 ./Core/Startup/startup_stm32f103zetx.o
 .debug_aranges
                0x0000000000000150       0xe0 ./Drivers/STM32F1xx_HAL_Driver/Src/stm32f1xx_hal.o
 .debug_aranges
                0x0000000000000230      0x100 ./Drivers/STM32F1xx_HAL_Driver/Src/stm32f1xx_hal_cortex.o
 .debug_aranges
                0x0000000000000330       0x58 ./Drivers/STM32F1xx_HAL_Driver/Src/stm32f1xx_hal_gpio.o
 .debug_aranges
                0x0000000000000388       0xa8 ./Drivers/STM32F1xx_HAL_Driver/Src/stm32f1xx_hal_pwr.o
 .debug_aranges
                0x0000000000000430       0x90 ./Drivers/STM32F1xx_HAL_Driver/Src/stm32f1xx_hal_rcc.o
 .debug_aranges
                0x00000000000004c0       0x30 ./Drivers/STM32F1xx_HAL_Driver/Src/stm32f1xx_hal_rcc_ex.o
 .debug_aranges
                0x00000000000004f0       0xf8 ./Drivers/STM32F1xx_HAL_Driver/Src/stm32f1xx_hal_rtc.o

.debug_ranges   0x0000000000000000      0x510
 .debug_ranges  0x0000000000000000       0x10 ./Core/Src/gpio.o
 .debug_ranges  0x0000000000000010       0x20 ./Core/Src/main.o
 .debug_ranges  0x0000000000000030       0x20 ./Core/Src/rtc.o
 .debug_ranges  0x0000000000000050       0x10 ./Core/Src/stm32f1xx_hal_msp.o
 .debug_ranges  0x0000000000000060       0x50 ./Core/Src/stm32f1xx_it.o
 .debug_ranges  0x00000000000000b0       0x18 ./Core/Src/system_stm32f1xx.o
 .debug_ranges  0x00000000000000c8       0x20 ./Core/Startup/startup_stm32f103zetx.o
 .debug_ranges  0x00000000000000e8       0xd0 ./Drivers/STM32F1xx_HAL_Driver/Src/stm32f1xx_hal.o
 .debug_ranges  0x00000000000001b8       0xf0 ./Drivers/STM32F1xx_HAL_Driver/Src/stm32f1xx_hal_cortex.o
 .debug_ranges  0x00000000000002a8       0x48 ./Drivers/STM32F1xx_HAL_Driver/Src/stm32f1xx_hal_gpio.o
 .debug_ranges  0x00000000000002f0       0x98 ./Drivers/STM32F1xx_HAL_Driver/Src/stm32f1xx_hal_pwr.o
 .debug_ranges  0x0000000000000388       0x80 ./Drivers/STM32F1xx_HAL_Driver/Src/stm32f1xx_hal_rcc.o
 .debug_ranges  0x0000000000000408       0x20 ./Drivers/STM32F1xx_HAL_Driver/Src/stm32f1xx_hal_rcc_ex.o
 .debug_ranges  0x0000000000000428       0xe8 ./Drivers/STM32F1xx_HAL_Driver/Src/stm32f1xx_hal_rtc.o

.debug_macro    0x0000000000000000    0x185a0
 .debug_macro   0x0000000000000000      0x1b1 ./Core/Src/gpio.o
 .debug_macro   0x00000000000001b1      0xa6c ./Core/Src/gpio.o
 .debug_macro   0x0000000000000c1d      0x215 ./Core/Src/gpio.o
 .debug_macro   0x0000000000000e32       0x2e ./Core/Src/gpio.o
 .debug_macro   0x0000000000000e60       0x22 ./Core/Src/gpio.o
 .debug_macro   0x0000000000000e82       0x22 ./Core/Src/gpio.o
 .debug_macro   0x0000000000000ea4       0x8e ./Core/Src/gpio.o
 .debug_macro   0x0000000000000f32       0x51 ./Core/Src/gpio.o
 .debug_macro   0x0000000000000f83      0x103 ./Core/Src/gpio.o
 .debug_macro   0x0000000000001086       0x6a ./Core/Src/gpio.o
 .debug_macro   0x00000000000010f0      0x1df ./Core/Src/gpio.o
 .debug_macro   0x00000000000012cf       0x1c ./Core/Src/gpio.o
 .debug_macro   0x00000000000012eb       0x22 ./Core/Src/gpio.o
 .debug_macro   0x000000000000130d       0xbd ./Core/Src/gpio.o
 .debug_macro   0x00000000000013ca      0xd23 ./Core/Src/gpio.o
 .debug_macro   0x00000000000020ed     0xfd8c ./Core/Src/gpio.o
 .debug_macro   0x0000000000011e79       0x6d ./Core/Src/gpio.o
 .debug_macro   0x0000000000011ee6     0x3468 ./Core/Src/gpio.o
 .debug_macro   0x000000000001534e      0x174 ./Core/Src/gpio.o
 .debug_macro   0x00000000000154c2       0x5c ./Core/Src/gpio.o
 .debug_macro   0x000000000001551e      0x5be ./Core/Src/gpio.o
 .debug_macro   0x0000000000015adc      0x4d5 ./Core/Src/gpio.o
 .debug_macro   0x0000000000015fb1      0x1cb ./Core/Src/gpio.o
 .debug_macro   0x000000000001617c      0x114 ./Core/Src/gpio.o
 .debug_macro   0x0000000000016290      0x1ea ./Core/Src/gpio.o
 .debug_macro   0x000000000001647a       0x27 ./Core/Src/gpio.o
 .debug_macro   0x00000000000164a1      0x144 ./Core/Src/gpio.o
 .debug_macro   0x00000000000165e5      0x1bc ./Core/Src/gpio.o
 .debug_macro   0x00000000000167a1       0x30 ./Core/Src/gpio.o
 .debug_macro   0x00000000000167d1       0x3c ./Core/Src/gpio.o
 .debug_macro   0x000000000001680d       0x57 ./Core/Src/gpio.o
 .debug_macro   0x0000000000016864       0x88 ./Core/Src/gpio.o
 .debug_macro   0x00000000000168ec      0x24f ./Core/Src/gpio.o
 .debug_macro   0x0000000000016b3b      0x141 ./Core/Src/gpio.o
 .debug_macro   0x0000000000016c7c      0x1ef ./Core/Src/gpio.o
 .debug_macro   0x0000000000016e6b      0x1cc ./Core/Src/gpio.o
 .debug_macro   0x0000000000017037       0xb5 ./Core/Src/gpio.o
 .debug_macro   0x00000000000170ec       0x1c ./Core/Src/gpio.o
 .debug_macro   0x0000000000017108      0x1bf ./Core/Src/main.o
 .debug_macro   0x00000000000172c7      0x1b1 ./Core/Src/rtc.o
 .debug_macro   0x0000000000017478      0x1a7 ./Core/Src/stm32f1xx_hal_msp.o
 .debug_macro   0x000000000001761f      0x1b1 ./Core/Src/stm32f1xx_it.o
 .debug_macro   0x00000000000177d0      0x198 ./Core/Src/system_stm32f1xx.o
 .debug_macro   0x0000000000017968      0x1bc ./Drivers/STM32F1xx_HAL_Driver/Src/stm32f1xx_hal.o
 .debug_macro   0x0000000000017b24      0x198 ./Drivers/STM32F1xx_HAL_Driver/Src/stm32f1xx_hal_cortex.o
 .debug_macro   0x0000000000017cbc      0x203 ./Drivers/STM32F1xx_HAL_Driver/Src/stm32f1xx_hal_gpio.o
 .debug_macro   0x0000000000017ebf      0x1f8 ./Drivers/STM32F1xx_HAL_Driver/Src/stm32f1xx_hal_pwr.o
 .debug_macro   0x00000000000180b7      0x1aa ./Drivers/STM32F1xx_HAL_Driver/Src/stm32f1xx_hal_rcc.o
 .debug_macro   0x0000000000018261      0x198 ./Drivers/STM32F1xx_HAL_Driver/Src/stm32f1xx_hal_rcc_ex.o
 .debug_macro   0x00000000000183f9      0x1a7 ./Drivers/STM32F1xx_HAL_Driver/Src/stm32f1xx_hal_rtc.o

.debug_line     0x0000000000000000     0x7451
 .debug_line    0x0000000000000000      0x667 ./Core/Src/gpio.o
 .debug_line    0x0000000000000667      0x6fd ./Core/Src/main.o
 .debug_line    0x0000000000000d64      0x68d ./Core/Src/rtc.o
 .debug_line    0x00000000000013f1      0x64a ./Core/Src/stm32f1xx_hal_msp.o
 .debug_line    0x0000000000001a3b      0x70c ./Core/Src/stm32f1xx_it.o
 .debug_line    0x0000000000002147      0x6c8 ./Core/Src/system_stm32f1xx.o
 .debug_line    0x000000000000280f       0x87 ./Core/Startup/startup_stm32f103zetx.o
 .debug_line    0x0000000000002896      0x8f5 ./Drivers/STM32F1xx_HAL_Driver/Src/stm32f1xx_hal.o
 .debug_line    0x000000000000318b      0xadd ./Drivers/STM32F1xx_HAL_Driver/Src/stm32f1xx_hal_cortex.o
 .debug_line    0x0000000000003c68      0x9b4 ./Drivers/STM32F1xx_HAL_Driver/Src/stm32f1xx_hal_gpio.o
 .debug_line    0x000000000000461c      0x877 ./Drivers/STM32F1xx_HAL_Driver/Src/stm32f1xx_hal_pwr.o
 .debug_line    0x0000000000004e93      0xd03 ./Drivers/STM32F1xx_HAL_Driver/Src/stm32f1xx_hal_rcc.o
 .debug_line    0x0000000000005b96      0x854 ./Drivers/STM32F1xx_HAL_Driver/Src/stm32f1xx_hal_rcc_ex.o
 .debug_line    0x00000000000063ea     0x1067 ./Drivers/STM32F1xx_HAL_Driver/Src/stm32f1xx_hal_rtc.o

.debug_str      0x0000000000000000    0x8c639
 .debug_str     0x0000000000000000    0x8a80e ./Core/Src/gpio.o
                                      0x8abfa (size before relaxing)
 .debug_str     0x000000000008a80e      0x2a4 ./Core/Src/main.o
                                      0x8ae06 (size before relaxing)
 .debug_str     0x000000000008aab2      0x1ac ./Core/Src/rtc.o
                                      0x8ad68 (size before relaxing)
 .debug_str     0x000000000008ac5e       0x5a ./Core/Src/stm32f1xx_hal_msp.o
                                      0x8ab82 (size before relaxing)
 .debug_str     0x000000000008acb8       0xc9 ./Core/Src/stm32f1xx_it.o
                                      0x8ab97 (size before relaxing)
 .debug_str     0x000000000008ad81       0x7e ./Core/Src/system_stm32f1xx.o
                                      0x8ab5b (size before relaxing)
 .debug_str     0x000000000008adff       0x36 ./Core/Startup/startup_stm32f103zetx.o
                                         0x4f (size before relaxing)
 .debug_str     0x000000000008ae35      0x69f ./Drivers/STM32F1xx_HAL_Driver/Src/stm32f1xx_hal.o
                                      0x8b372 (size before relaxing)
 .debug_str     0x000000000008b4d4      0x2bb ./Drivers/STM32F1xx_HAL_Driver/Src/stm32f1xx_hal_cortex.o
                                      0x8b2be (size before relaxing)
 .debug_str     0x000000000008b78f      0x2e3 ./Drivers/STM32F1xx_HAL_Driver/Src/stm32f1xx_hal_gpio.o
                                      0x8aee1 (size before relaxing)
 .debug_str     0x000000000008ba72      0x4f5 ./Drivers/STM32F1xx_HAL_Driver/Src/stm32f1xx_hal_pwr.o
                                      0x8b092 (size before relaxing)
 .debug_str     0x000000000008bf67      0x21d ./Drivers/STM32F1xx_HAL_Driver/Src/stm32f1xx_hal_rcc.o
                                      0x8af8a (size before relaxing)
 .debug_str     0x000000000008c184       0x9f ./Drivers/STM32F1xx_HAL_Driver/Src/stm32f1xx_hal_rcc_ex.o
                                      0x8ad18 (size before relaxing)
 .debug_str     0x000000000008c223      0x416 ./Drivers/STM32F1xx_HAL_Driver/Src/stm32f1xx_hal_rtc.o
                                      0x8b111 (size before relaxing)

.comment        0x0000000000000000       0x50
 .comment       0x0000000000000000       0x50 ./Core/Src/gpio.o
                                         0x51 (size before relaxing)
 .comment       0x0000000000000050       0x51 ./Core/Src/main.o
 .comment       0x0000000000000050       0x51 ./Core/Src/rtc.o
 .comment       0x0000000000000050       0x51 ./Core/Src/stm32f1xx_hal_msp.o
 .comment       0x0000000000000050       0x51 ./Core/Src/stm32f1xx_it.o
 .comment       0x0000000000000050       0x51 ./Core/Src/system_stm32f1xx.o
 .comment       0x0000000000000050       0x51 ./Drivers/STM32F1xx_HAL_Driver/Src/stm32f1xx_hal.o
 .comment       0x0000000000000050       0x51 ./Drivers/STM32F1xx_HAL_Driver/Src/stm32f1xx_hal_cortex.o
 .comment       0x0000000000000050       0x51 ./Drivers/STM32F1xx_HAL_Driver/Src/stm32f1xx_hal_gpio.o
 .comment       0x0000000000000050       0x51 ./Drivers/STM32F1xx_HAL_Driver/Src/stm32f1xx_hal_pwr.o
 .comment       0x0000000000000050       0x51 ./Drivers/STM32F1xx_HAL_Driver/Src/stm32f1xx_hal_rcc.o
 .comment       0x0000000000000050       0x51 ./Drivers/STM32F1xx_HAL_Driver/Src/stm32f1xx_hal_rcc_ex.o
 .comment       0x0000000000000050       0x51 ./Drivers/STM32F1xx_HAL_Driver/Src/stm32f1xx_hal_rtc.o

.debug_frame    0x0000000000000000     0x14e0
 .debug_frame   0x0000000000000000       0x34 ./Core/Src/gpio.o
 .debug_frame   0x0000000000000034       0x68 ./Core/Src/main.o
 .debug_frame   0x000000000000009c       0x78 ./Core/Src/rtc.o
 .debug_frame   0x0000000000000114       0x38 ./Core/Src/stm32f1xx_hal_msp.o
 .debug_frame   0x000000000000014c      0x104 ./Core/Src/stm32f1xx_it.o
 .debug_frame   0x0000000000000250       0x58 ./Core/Src/system_stm32f1xx.o
 .debug_frame   0x00000000000002a8      0x334 ./Drivers/STM32F1xx_HAL_Driver/Src/stm32f1xx_hal.o
 .debug_frame   0x00000000000005dc      0x428 ./Drivers/STM32F1xx_HAL_Driver/Src/stm32f1xx_hal_cortex.o
 .debug_frame   0x0000000000000a04      0x14c ./Drivers/STM32F1xx_HAL_Driver/Src/stm32f1xx_hal_gpio.o
 .debug_frame   0x0000000000000b50      0x270 ./Drivers/STM32F1xx_HAL_Driver/Src/stm32f1xx_hal_pwr.o
 .debug_frame   0x0000000000000dc0      0x21c ./Drivers/STM32F1xx_HAL_Driver/Src/stm32f1xx_hal_rcc.o
 .debug_frame   0x0000000000000fdc       0x84 ./Drivers/STM32F1xx_HAL_Driver/Src/stm32f1xx_hal_rcc_ex.o
 .debug_frame   0x0000000000001060      0x434 ./Drivers/STM32F1xx_HAL_Driver/Src/stm32f1xx_hal_rtc.o
 .debug_frame   0x0000000000001494       0x2c d:/stm32cubeide_1.8.0/stm32cubeide/plugins/com.st.stm32cube.ide.mcu.externaltools.gnu-tools-for-stm32.10.3-2021.10.win32_1.0.0.202111181127/tools/bin/../lib/gcc/arm-none-eabi/10.3.1/../../../../arm-none-eabi/lib/thumb/v7-m/nofp\libc_nano.a(lib_a-init.o)
 .debug_frame   0x00000000000014c0       0x20 d:/stm32cubeide_1.8.0/stm32cubeide/plugins/com.st.stm32cube.ide.mcu.externaltools.gnu-tools-for-stm32.10.3-2021.10.win32_1.0.0.202111181127/tools/bin/../lib/gcc/arm-none-eabi/10.3.1/../../../../arm-none-eabi/lib/thumb/v7-m/nofp\libc_nano.a(lib_a-memset.o)
